// Jest Snapshot v1, https://goo.gl/fbAQLP

exports[`CloseButton Tests Renders correctly 1`] = `
<a
  className="jsx-348398248 link"
  href="/"
  onClick={[Function]}
>
  X
</a>
`;
