// Jest Snapshot v1, https://goo.gl/fbAQLP

exports[`Header Tests Renders correctly 1`] = `
<header
  className="header"
>
  <h1
    className="title"
  >
    Header title
  </h1>
</header>
`;
