// Jest Snapshot v1, https://goo.gl/fbAQLP

exports[`Photo Page Snapshot Testing Renders Photo Page correctly 1`] = `
<div>
  <a
    href="/"
    onClick={[Function]}
  >
    X
  </a>
  <img
    alt="Mobile.de"
    src="https://image_01_27.jpg"
  />
</div>
`;
